02-08 16:46:22.386 W/InputDispatcher(  551): Not sending touch to [Gesture Monitor] swipe-up because it is not responsive
02-08 16:46:22.386 E/unknown:ReactNative(12592): Got DOWN touch before receiving UP or CANCEL from last gesture
02-08 16:46:22.534 W/InputDispatcher(  551): Not sending touch to [Gesture Monitor] swipe-up because it is not responsive
02-08 16:46:22.534 E/unknown:ReactNative(12592): Got DOWN touch before receiving UP or CANCEL from last gesture
02-08 16:46:22.642 W/InputDispatcher(  551): Not sending touch to [Gesture Monitor] swipe-up because it is not responsive
02-08 16:46:22.643 E/unknown:ReactNative(12592): Got DOWN touch before receiving UP or CANCEL from last gesture
02-08 16:46:22.802 W/InputDispatcher(  551): Not sending touch to [Gesture Monitor] swipe-up because it is not responsive
02-08 16:46:22.803 E/unknown:ReactNative(12592): Got DOWN touch before receiving UP or CANCEL from last gesture
02-08 16:46:22.836 W/InputDispatcher(  551): Not sending touch to [Gesture Monitor] swipe-up because it is not responsive
02-08 16:46:22.837 E/unknown:ReactNative(12592): Got DOWN touch before receiving UP or CANCEL from last gesture
02-08 16:46:22.839 W/InputDispatcher(  551): Not sending touch to [Gesture Monitor] swipe-up because it is not responsive
02-08 16:46:22.839 E/unknown:ReactNative(12592): Got DOWN touch before receiving UP or CANCEL from last gesture
02-08 16:46:22.874 W/InputDispatcher(  551): Not sending touch to [Gesture Monitor] swipe-up because it is not responsive
02-08 16:46:22.875 E/unknown:ReactNative(12592): Got DOWN touch before receiving UP or CANCEL from last gesture
02-08 16:46:23.054 W/InputDispatcher(  551): Not sending touch to [Gesture Monitor] swipe-up because it is not responsive
02-08 16:46:23.055 E/unknown:ReactNative(12592): Got DOWN touch before receiving UP or CANCEL from last gesture
02-08 16:46:23.090 W/InputDispatcher(  551): Not sending touch to [Gesture Monitor] swipe-up because it is not responsive
02-08 16:46:23.090 E/unknown:ReactNative(12592): Got DOWN touch before receiving UP or CANCEL from last gesture
02-08 16:46:23.091 D/ShellBackPreview(  919): Finishing gesture with event action: 1
02-08 16:46:23.091 D/ShellBackPreview(  919): onGestureFinished() mTriggerBack == false
02-08 16:46:23.091 D/ShellBackPreview(  919): BackAnimationController: finishBackNavigation()
02-08 16:46:23.126 W/InputDispatcher(  551): Not sending touch to [Gesture Monitor] swipe-up because it is not responsive
02-08 16:46:23.126 E/unknown:ReactNative(12592): Got DOWN touch before receiving UP or CANCEL from last gesture
02-08 16:46:23.162 W/InputDispatcher(  551): Not sending touch to [Gesture Monitor] swipe-up because it is not responsive
02-08 16:46:23.162 E/unknown:ReactNative(12592): Got DOWN touch before receiving UP or CANCEL from last gesture
02-08 16:46:23.198 W/InputDispatcher(  551): Not sending touch to [Gesture Monitor] swipe-up because it is not responsive
02-08 16:46:23.198 E/unknown:ReactNative(12592): Got DOWN touch before receiving UP or CANCEL from last gesture
02-08 16:46:23.306 W/InputDispatcher(  551): Not sending touch to [Gesture Monitor] swipe-up because it is not responsive
02-08 16:46:23.306 E/unknown:ReactNative(12592): Got DOWN touch before receiving UP or CANCEL from last gesture
02-08 16:46:23.415 W/InputDispatcher(  551): Not sending touch to [Gesture Monitor] swipe-up because it is not responsive
02-08 16:46:23.416 E/unknown:ReactNative(12592): Got DOWN touch before receiving UP or CANCEL from last gesture
02-08 16:46:23.614 W/InputDispatcher(  551): Not sending touch to [Gesture Monitor] swipe-up because it is not responsive
02-08 16:46:23.615 E/unknown:ReactNative(12592): Got DOWN touch before receiving UP or CANCEL from last gesture
02-08 16:46:23.626 W/BpBinder(13523): Linking to death on android.gui.ISurfaceComposer but there are no threads (yet?) listening to incoming transactions. See ProcessState::startThreadPool and ProcessState::setThreadPoolMaxThreadCount. Generally you should setup the binder threadpool before other initialization steps.
02-08 16:46:23.627 W/ProcessState(13523): Extra binder thread started, but 0 threads requested. Do not use *startThreadPool when zero threads are requested.
02-08 16:46:23.631 I/hwservicemanager(  156): getTransport: Cannot find entry android.hardware.graphics.mapper@4.0::IMapper/default in either framework or device VINTF manifest.
02-08 16:46:23.632 I/Gralloc4(13523): mapper 4.x is not supported
--------- beginning of kernel
02-08 16:46:23.721 I/servicemanager(    0): Could not find android.hardware.graphics.allocator.IAllocator/default in the VINTF manifest.
02-08 16:46:23.783 I/ActivityManager(  551): Broadcasting: Intent { act=android.intent.action.MEDIA_SCANNER_SCAN_FILE dat=file:///... flg=0x400000 }
02-08 16:46:23.785 I/ActivityManager(  551): Enqueued broadcast Intent { act=android.intent.action.MEDIA_SCANNER_SCAN_FILE dat=file:///... flg=0x400000 }: 0
02-08 16:46:23.791 I/ActivityManager(  551): Broadcast completed: result=0
02-08 16:46:23.793 I/MediaProvider( 1819): Begin Intent { act=android.intent.action.MEDIA_SCANNER_SCAN_FILE dat=file:///... flg=0x1400010 cmp=com.google.android.providers.media.module/com.android.providers.media.MediaService }
02-08 16:46:23.805 I/MediaProvider( 1819): End Intent { act=android.intent.action.MEDIA_SCANNER_SCAN_FILE dat=file:///... flg=0x1400010 cmp=com.google.android.providers.media.module/com.android.providers.media.MediaService }
02-08 16:46:23.825 I/NetworkScheduler.Stats( 5354): Task com.google.android.gms/com.google.android.gms.ipa.base.IpaGcmTaskService started execution. cause:9 exec_start_elapsed_seconds: 87405 [CONTEXT service_id=218 ]
02-08 16:46:23.829 I/NetworkScheduler.Stats( 5354): Task com.google.android.gms/com.google.android.gms.ipa.base.IpaGcmTaskService finished executing. cause:9 result: 1 elapsed_millis: 11 uptime_millis: 11 exec_start_elapsed_seconds: 87405 [CONTEXT service_id=218 ]
02-08 16:46:23.881 D/AndroidRuntime(13531): >>>>>> START com.android.internal.os.RuntimeInit uid 2000 <<<<<<
02-08 16:46:23.885 E/TaskPersister(  551): File error accessing recents directory (directory doesn't exist?).
02-08 16:46:23.885 I/AndroidRuntime(13531): Using default boot image
02-08 16:46:23.886 I/AndroidRuntime(13531): Leaving lock profiling enabled
02-08 16:46:23.887 I/app_process(13531): Core platform API reporting enabled, enforcing=false
02-08 16:46:23.888 I/app_process(13531): Using CollectorTypeCC GC.
02-08 16:46:23.959 D/nativeloader(13531): InitDefaultPublicLibraries for_preload=1: libandroid.so:libaaudio.so:libamidi.so:libbinder_ndk.so:libc.so:libcamera2ndk.so:libdl.so:libEGL.so:libGLESv1_CM.so:libGLESv2.so:libGLESv3.so:libicu.so:libicui18n.so:libicuuc.so:libjnigraphics.so:liblog.so:libmediandk.so:libm.so:libnativehelper.so:libnativewindow.so:libOpenMAXAL.so:libOpenSLES.so:libRS.so:libstdc++.so:libsync.so:libvulkan.so:libwebviewchromium_plat_support.so:libz.so
02-08 16:46:23.967 D/app_process(13531): Time zone APEX ICU file found: /apex/com.android.tzdata/etc/icu/icu_tzdata.dat
02-08 16:46:23.968 D/app_process(13531): I18n APEX ICU file found: /apex/com.android.i18n/etc/icu/icudt72l.dat
02-08 16:46:23.973 W/app_process(13531): Unexpected CPU variant for x86: x86_64.
02-08 16:46:23.973 W/app_process(13531): Known variants: atom, sandybridge, silvermont, goldmont, goldmont-plus, tremont, kabylake, default
02-08 16:46:23.975 W/app_process(13531): ClassLoaderContext shared library size mismatch. Expected=2, found=0 (PCL[]{PCL[/system/framework/android.test.base.jar*836642756]#PCL[/system/framework/android.test.mock.jar*3186112116]} | PCL[])
02-08 16:46:23.975 W/app_process(13531): ClassLoaderContext classpath size mismatch. expected=0, found=1 (PCL[]{PCL[/system/framework/android.test.runner.jar*4168958247]{PCL[/system/framework/android.test.base.jar*836642756]#PCL[/system/framework/android.test.mock.jar*3186112116]}#PCL[/system/framework/android.test.base.jar*836642756]} | PCL[/system/framework/android.test.runner.jar*4168958247])
02-08 16:46:23.989 W/libc    (13531): Access denied finding property "ro.product.name_for_attestation"
02-08 16:46:23.989 W/libc    (13531): Access denied finding property "ro.product.brand_for_attestation"
02-08 16:46:23.989 W/libc    (13531): Access denied finding property "ro.product.model_for_attestation"
02-08 16:46:23.990 D/AndroidRuntime(13531): Calling main entry com.android.commands.uiautomator.Launcher
02-08 16:46:23.985 W/main    (13531): type=1400 audit(0.0:27859): avc:  denied  { read } for  name="u:object_r:build_attestation_prop:s0" dev="tmpfs" ino=86 scontext=u:r:shell:s0 tcontext=u:object_r:build_attestation_prop:s0 tclass=file permissive=0
02-08 16:46:23.985 W/main    (13531): type=1400 audit(0.0:27860): avc:  denied  { read } for  name="u:object_r:build_attestation_prop:s0" dev="tmpfs" ino=86 scontext=u:r:shell:s0 tcontext=u:object_r:build_attestation_prop:s0 tclass=file permissive=0
02-08 16:46:23.985 W/main    (13531): type=1400 audit(0.0:27861): avc:  denied  { read } for  name="u:object_r:build_attestation_prop:s0" dev="tmpfs" ino=86 scontext=u:r:shell:s0 tcontext=u:object_r:build_attestation_prop:s0 tclass=file permissive=0
02-08 16:46:23.993 D/UiAutomationConnection(13531): Created on user UserHandle{0}
02-08 16:46:23.993 I/UiAutomation(13531): Initialized for user 0 on display 0
02-08 16:46:23.993 W/UiAutomation(13531): Created with deprecatead constructor, assumes DEFAULT_DISPLAY
02-08 16:46:23.994 D/AccessibilityManagerService(  551): changeCurrentUserForTestAutomationIfNeededLocked(0): ignoring because device doesn't support visible background users
02-08 16:46:23.994 I/UiAutomationManager(  551): Registering UiTestAutomationService (id=com.android.server.accessibility/UiAutomation) when called by user 0
02-08 16:46:23.996 W/WindowMagnificationMgr(  551): requestConnection duplicated request: connect=false, mConnectionState=DISCONNECTED
02-08 16:46:23.997 I/AiAiEcho( 1799): Settings changed for uri: content://settings/secure/accessibility_enabled
02-08 16:46:23.997 V/UiAutomation(13531): Init UiAutomation@e21e2ee[id=5107, displayId=0, flags=0]
02-08 16:46:23.998 W/WindowMagnificationMgr(  551): requestConnection duplicated request: connect=false, mConnectionState=DISCONNECTED
02-08 16:46:23.999 D/BatterySaverPolicy(  551): accessibility changed to true, updating policy.
02-08 16:46:23.999 I/AiAiEcho( 1799): Predicting[0]: 
02-08 16:46:23.999 I/AiAiEcho( 1799): EchoTargets: 
02-08 16:46:23.999 I/AiAiEcho( 1799): Filtered by AiAi flag check: 
02-08 16:46:23.999 I/AiAiEcho( 1799): Ranked targets strategy: SORT, count: 0, ranking metadata: 
02-08 16:46:24.001 I/A       ( 2582): NGA disabled due to not being eligible.
02-08 16:46:24.001 I/AiAiEcho( 1799): Settings changed for uri: content://settings/secure/accessibility_enabled
02-08 16:46:24.004 I/AiAiEcho( 1799): Predicting[0]: 
02-08 16:46:24.004 I/AiAiEcho( 1799): EchoTargets: 
02-08 16:46:24.004 I/AiAiEcho( 1799): Filtered by AiAi flag check: 
02-08 16:46:24.004 I/AiAiEcho( 1799): Ranked targets strategy: SORT, count: 0, ranking metadata: 
02-08 16:46:24.004 D/SafetySourceDataValidator(  551): No cert check requested for package com.google.android.permissioncontroller
02-08 16:46:24.005 I/AiAiEcho( 1799): Predicting[0]: 
02-08 16:46:24.005 I/AiAiEcho( 1799): EchoTargets: 
02-08 16:46:24.005 I/AiAiEcho( 1799): Filtered by AiAi flag check: 
02-08 16:46:24.005 I/AiAiEcho( 1799): Ranked targets strategy: SORT, count: 0, ranking metadata: 
02-08 16:46:24.006 I/AiAiEcho( 1799): Predicting[0]: 
02-08 16:46:24.006 I/AiAiEcho( 1799): EchoTargets: 
02-08 16:46:24.006 I/AiAiEcho( 1799): Filtered by AiAi flag check: 
02-08 16:46:24.006 I/AiAiEcho( 1799): Ranked targets strategy: SORT, count: 0, ranking metadata: 
02-08 16:46:24.006 I/AiAiEcho( 1799): #postPredictionTargets: Sending updates to UISurface home with targets# 0 (types=[])
02-08 16:46:24.007 I/AiAiEcho( 1799): #postPredictionTargets: Sending updates to UISurface lockscreen with targets# 0 (types=[])
02-08 16:46:24.007 I/AiAiEcho( 1799): #postPredictionTargets: Sending updates to UISurface home with targets# 0 (types=[])
02-08 16:46:24.007 I/AiAiEcho( 1799): #postPredictionTargets: Sending updates to UISurface lockscreen with targets# 0 (types=[])
02-08 16:46:24.013 W/PageIndicator(  919): Total number of pages invalid: 0. Assuming 1 page.
02-08 16:46:24.013 W/PageIndicator(  919): Total number of pages invalid: 0. Assuming 1 page.
02-08 16:46:24.016 W/InputDispatcher(  551): Not sending touch to [Gesture Monitor] swipe-up because it is not responsive
02-08 16:46:24.024 E/unknown:ReactNative(12592): Got DOWN touch before receiving UP or CANCEL from last gesture
02-08 16:46:24.058 W/InputDispatcher(  551): Not sending touch to [Gesture Monitor] swipe-up because it is not responsive
02-08 16:46:24.058 E/unknown:ReactNative(12592): Got DOWN touch before receiving UP or CANCEL from last gesture
02-08 16:46:24.184 W/BpBinder(13548): Linking to death on android.gui.ISurfaceComposer but there are no threads (yet?) listening to incoming transactions. See ProcessState::startThreadPool and ProcessState::setThreadPoolMaxThreadCount. Generally you should setup the binder threadpool before other initialization steps.
02-08 16:46:24.186 W/MediaProvider( 1819): isAppCloneUserPair for user 0: false
02-08 16:46:24.188 W/ProcessState(13548): Extra binder thread started, but 0 threads requested. Do not use *startThreadPool when zero threads are requested.
02-08 16:46:24.193 I/hwservicemanager(  156): getTransport: Cannot find entry android.hardware.graphics.mapper@4.0::IMapper/default in either framework or device VINTF manifest.
02-08 16:46:24.193 I/Gralloc4(13548): mapper 4.x is not supported
02-08 16:46:24.282 I/servicemanager(    0): Could not find android.hardware.graphics.allocator.IAllocator/default in the VINTF manifest.
02-08 16:46:24.204 I/NetworkScheduler.Stats( 5354): Task com.google.android.gms/com.google.android.gms.ipa.base.IpaGcmTaskService started execution. cause:9 exec_start_elapsed_seconds: 87405 [CONTEXT service_id=218 ]
02-08 16:46:24.213 I/NetworkScheduler.Stats( 5354): Task com.google.android.gms/com.google.android.gms.ipa.base.IpaGcmTaskService finished executing. cause:9 result: 1 elapsed_millis: 6 uptime_millis: 6 exec_start_elapsed_seconds: 87405 [CONTEXT service_id=218 ]
02-08 16:46:24.346 I/ActivityManager(  551): Broadcasting: Intent { act=android.intent.action.MEDIA_SCANNER_SCAN_FILE dat=file:///... flg=0x400000 }
02-08 16:46:24.347 I/ActivityManager(  551): Enqueued broadcast Intent { act=android.intent.action.MEDIA_SCANNER_SCAN_FILE dat=file:///... flg=0x400000 }: 0
02-08 16:46:24.351 I/ActivityManager(  551): Broadcast completed: result=0
02-08 16:46:24.352 I/MediaProvider( 1819): Begin Intent { act=android.intent.action.MEDIA_SCANNER_SCAN_FILE dat=file:///... flg=0x1400010 cmp=com.google.android.providers.media.module/com.android.providers.media.MediaService }
02-08 16:46:24.359 I/MediaProvider( 1819): End Intent { act=android.intent.action.MEDIA_SCANNER_SCAN_FILE dat=file:///... flg=0x1400010 cmp=com.google.android.providers.media.module/com.android.providers.media.MediaService }
02-08 16:46:24.372 I/NetworkScheduler.Stats( 5354): Task com.google.android.gms/com.google.android.gms.ipa.base.IpaGcmTaskService started execution. cause:9 exec_start_elapsed_seconds: 87406 [CONTEXT service_id=218 ]
02-08 16:46:24.375 I/NetworkScheduler.Stats( 5354): Task com.google.android.gms/com.google.android.gms.ipa.base.IpaGcmTaskService finished executing. cause:9 result: 1 elapsed_millis: 8 uptime_millis: 8 exec_start_elapsed_seconds: 87406 [CONTEXT service_id=218 ]
